
Starting test 0, 'disambiguateTextures'

Starting test 1, 'testIrrArray'
crashTestFastAlloc

All tests passed

Starting test 2, 'testIrrMap'

All tests passed

Starting test 3, 'testIrrList'

All tests passed

Starting test 4, 'exports'
Checking whether IdentityMatrix is exported.

Starting test 5, 'irrCoreEquals'

Starting test 6, 'testIrrString'
Test stringc
Test stringw
Test stringw::split()
Test io::path
Test self assignment
test fast alloc
test replace
test make_lower and make_uppers
test find functions
test erase functions

All tests passed

Starting test 7, 'testLine2d'

Line 1 = 1.0 1.0 to 1.0 3.0 
Line 2 = 0.0 2.0 to 2.0 2.0
line1 with line2 = hit at 1.0 2.0 - expected
line2 with line1 = hit at 1.0 2.0 - expected

Line 1 = 0.0 0.0 to 2.0 2.0 
Line 2 = 0.0 2.0 to 2.0 0.0
line1 with line2 = hit at 1.0 1.0 - expected
line2 with line1 = hit at 1.0 1.0 - expected

Line 1 = 1.0 1.0 to 1.0 3.0 
Line 2 = 0.0 4.0 to 2.0 4.0
line1 with line2 = miss - expected
line2 with line1 = miss - expected

Line 1 = 0.0 0.0 to 2.0 2.0 
Line 2 = 3.0 4.0 to 4.0 3.0
line1 with line2 = miss - expected
line2 with line1 = miss - expected

Line 1 = 0.0 0.0 to 1.0 0.0 
Line 2 = 1.0 0.0 to 2.0 0.0
line1 with line2 = hit at 1.0 0.0 - expected
line2 with line1 = hit at 1.0 0.0 - expected

Line 1 = 0.0 0.0 to 1.0 0.0 
Line 2 = 1.0 0.0 to 0.0 1.0
line1 with line2 = hit at 1.0 0.0 - expected
line2 with line1 = hit at 1.0 0.0 - expected

Line 1 = 0.0 0.0 to 1.0 0.0 
Line 2 = 1.0 0.0 to 0.0 -1.0
line1 with line2 = hit at 1.0 0.0 - expected
line2 with line1 = hit at 1.0 0.0 - expected

Line 1 = 0.0 0.0 to 0.0 1.0 
Line 2 = 0.0 1.0 to 1.0 1.0
line1 with line2 = hit at 0.0 1.0 - expected
line2 with line1 = hit at 0.0 1.0 - expected

Line 1 = 0.0 0.0 to 0.0 1.0 
Line 2 = 0.0 1.0 to 1.0 -1.0
line1 with line2 = hit at 0.0 1.0 - expected
line2 with line1 = hit at 0.0 1.0 - expected

Line 1 = 0.0 0.0 to 0.0 1.0 
Line 2 = 0.0 1.0 to 0.0 2.0
line1 with line2 = hit at 0.0 1.0 - expected
line2 with line1 = hit at 0.0 1.0 - expected

Line 1 = 0.0 0.0 to 1.0 0.0 
Line 2 = 1.0 0.0 to 2.0 0.0
line1 with line2 = hit at 1.0 0.0 - expected
line2 with line1 = hit at 1.0 0.0 - expected

Line 1 = 0.0 0.0 to 1.0 1.0 
Line 2 = 1.0 1.0 to 0.0 2.0
line1 with line2 = hit at 1.0 1.0 - expected
line2 with line1 = hit at 1.0 1.0 - expected

Line 1 = 0.0 0.0 to 1.0 1.0 
Line 2 = 1.0 1.0 to 2.0 0.0
line1 with line2 = hit at 1.0 1.0 - expected
line2 with line1 = hit at 1.0 1.0 - expected

Line 1 = 0.0 0.0 to 1.0 1.0 
Line 2 = 1.0 1.0 to 2.0 2.0
line1 with line2 = hit at 1.0 1.0 - expected
line2 with line1 = hit at 1.0 1.0 - expected

Line 1 = 0.0 0.0 to 1.0 0.0 
Line 2 = 0.0 1.0 to 1.0 1.0
line1 with line2 = miss - expected
line2 with line1 = miss - expected

Line 1 = 0.0 0.0 to 0.0 1.0 
Line 2 = 1.0 0.0 to 1.0 1.0
line1 with line2 = miss - expected
line2 with line1 = miss - expected

Line 1 = 0.0 0.0 to 1.0 0.0 
Line 2 = 0.0 1.0 to 0.0 2.0
line1 with line2 = miss - expected
line2 with line1 = miss - expected

Line 1 = 0.0 0.0 to 0.0 1.0 
Line 2 = 1.0 0.0 to 2.0 0.0
line1 with line2 = miss - expected
line2 with line1 = miss - expected

Line 1 = 0.0 0.0 to 1.0 0.0 
Line 2 = 0.0 0.0 to 1.0 0.0
line1 with line2 = hit at 0.0 0.0 - expected
line2 with line1 = hit at 0.0 0.0 - expected

Line 1 = 2.0 0.0 to 0.0 2.0 
Line 2 = 2.0 0.0 to 0.0 2.0
line1 with line2 = hit at 2.0 0.0 - expected
line2 with line1 = hit at 2.0 0.0 - expected

Line 1 = 0.0 0.0 to 1.0 1.0 
Line 2 = 2.0 2.0 to 3.0 3.0
line1 with line2 = miss - expected
line2 with line1 = miss - expected

Line 1 = 0.0 0.0 to 1.0 0.0 
Line 2 = 2.0 0.0 to 3.0 0.0
line1 with line2 = miss - expected
line2 with line1 = miss - expected

Line 1 = 0.0 0.0 to 0.0 1.0 
Line 2 = 0.0 2.0 to 0.0 3.0
line1 with line2 = miss - expected
line2 with line1 = miss - expected

Line 1 = 1.0 0.0 to 2.0 0.0 
Line 2 = 0.0 0.0 to 3.0 0.0
line1 with line2 = hit at 1.5 0.0 - expected
line2 with line1 = hit at 1.5 0.0 - expected

Line 1 = 0.0 1.0 to 0.0 2.0 
Line 2 = 0.0 0.0 to 0.0 3.0
line1 with line2 = hit at 0.0 1.5 - expected
line2 with line1 = hit at 0.0 1.5 - expected

Line 1 = 1.0 0.0 to 2.0 0.0 
Line 2 = 0.0 0.0 to 3.0 0.0
line1 with line2 = hit at 1.5 0.0 - expected
line2 with line1 = hit at 1.5 0.0 - expected

Line 1 = 0.0 1.0 to 0.0 2.0 
Line 2 = 0.0 0.0 to 0.0 3.0
line1 with line2 = hit at 0.0 1.5 - expected
line2 with line1 = hit at 0.0 1.5 - expected

Line 1 = 1.0 1.0 to 2.0 2.0 
Line 2 = 0.0 0.0 to 3.0 3.0
line1 with line2 = hit at 1.5 1.5 - expected
line2 with line1 = hit at 1.5 1.5 - expected

Line 1 = 1.0 2.0 to 2.0 1.0 
Line 2 = 0.0 3.0 to 3.0 0.0
line1 with line2 = hit at 1.5 1.5 - expected
line2 with line1 = hit at 1.5 1.5 - expected

Line 1 = 0.0 0.0 to 10.0 8.0 
Line 2 = 2.5 2.0 to 5.0 4.0
line1 with line2 = hit at 3.8 3.0 - expected
line2 with line1 = hit at 3.8 3.0 - expected

Line 1 = 0.0 0.0 to 2000.0 1000.0 
Line 2 = 2.0 1.0 to 2.2 1.4
line1 with line2 = hit at 2.0 1.0 - expected
line2 with line1 = hit at 2.0 1.0 - expected

All tests passed

Starting test 8, 'matrixOps'

Starting test 9, 'testDimension2d'

Starting test 10, 'testVector2d'
vector2d interpolation
vector2d quadratic interpolation
vector2d getAngle
vector2df tests passed

vector2d interpolation
vector2d quadratic interpolation
vector2d getAngle
vector2d<f64> tests passed

vector2d interpolation
vector2d quadratic interpolation
vector2d getAngle
vector2di tests passed


Starting test 11, 'testVector3d'
vector3df tests passed

vector3d<f64> tests passed

vector3di tests passed


Starting test 12, 'testQuaternion'

Starting test 13, 'testS3DVertex'

Starting test 14, 'testaabbox3d'
aabbox3d<f32> tests passed

aabbox3d<f64> tests passed

aabbox3d<s32> tests passed


Starting test 15, 'color'

Starting test 16, 'testTriangle3d'
Test getIntersectionWithLine with f32
Test getIntersectionWithLine with f64
Test isPointInside with f32
Test isPointInside with f64
Test isPointInside with s32

All tests passed

Starting test 17, 'vectorPositionDimension2d'
vector,position,dimension test with s32

tests passed

vector,position,dimension test with f32

tests passed

vector,position,dimension test with f64

tests passed


Starting test 18, 'filesystem'

Starting test 19, 'archiveReader'
Testing mount file.
Testing mount file.
Testing zip files.
Testing pak files.
Testing npk files.
Testing encrypted zip files.
Directory name: doc
Full path: doc
File name: readme.txt
Full path: doc/readme.txt
File name: upgrade-guide.txt
Full path: doc/upgrade-guide.txt
Testing special zip files.
Directory name: monty
Full path: monty
File name: license.txt
Full path: monty/license.txt
File name: materials.dat
Full path: monty/materials.dat
File name: monty.kart
Full path: monty/monty.kart
Testing special zip files lzma.
File name: tahoma10_.xml
Full path: tahoma10_.xml
File name: tahoma10_0.png
Full path: tahoma10_0.png
File name: tahoma10_1.png
Full path: tahoma10_1.png
Testing add/remove with filenames.

Starting test 20, 'testXML'
Test simple XML reader features.
Test XML reader CDATA support.
Test XML reader attribute support.

Starting test 21, 'serializeAttributes'
Could not create xml in serializeAttributes.cpp:239
XmlSerialization failed in serializeAttributes.cpp:364
stringSerialization failed in serializeAttributes.cpp:370

******** Test failure ********
Test 21 'serializeAttributes' failed
******** Test failure ********

Starting test 22, 'fast_atof'

 String '340282346638528859811704183484516925440.000000'
 New fast 340282346638528859811704183484516925440.0000000000000000000000000000000000000000
 Old fast 0.0000000000000000000000000000000000000000
     atof 340282346638528859811704183484516925440.0000000000000000000000000000000000000000

 String '3.402823466e+38F'
 New fast 340282326356119256160033759537265639424.0000000000000000000000000000000000000000
 Old fast 3.4028234481811523437500000000000000000000
     atof 340282346638528859811704183484516925440.0000000000000000000000000000000000000000

 String '3402823466e+29F'
 New fast 340282346638528859811704183484516925440.0000000000000000000000000000000000000000
 Old fast 3402823424.0000000000000000000000000000000000000000
     atof 340282346638528859811704183484516925440.0000000000000000000000000000000000000000

 String '-340282346638528859811704183484516925440.000000'
 New fast -340282346638528859811704183484516925440.0000000000000000000000000000000000000000
 Old fast -0.0000000000000000000000000000000000000000
     atof -340282346638528859811704183484516925440.0000000000000000000000000000000000000000

 String '-3.402823466e+38F'
 New fast -340282326356119256160033759537265639424.0000000000000000000000000000000000000000
 Old fast -3.4028234481811523437500000000000000000000
     atof -340282346638528859811704183484516925440.0000000000000000000000000000000000000000

 String '-3402823466e+29F'
 New fast -340282346638528859811704183484516925440.0000000000000000000000000000000000000000
 Old fast -3402823424.0000000000000000000000000000000000000000
     atof -340282346638528859811704183484516925440.0000000000000000000000000000000000000000

 String '34028234663852885981170418348451692544.000000'
 New fast 34028234663852885981170418348451692544.0000000000000000000000000000000000000000
 Old fast 0.0000000000000000000000000000000000000000
     atof 34028234663852885981170418348451692544.0000000000000000000000000000000000000000

 String '3.402823466e+37F'
 New fast 34028234663852885981170418348451692544.0000000000000000000000000000000000000000
 Old fast 3.4028234481811523437500000000000000000000
     atof 34028234663852885981170418348451692544.0000000000000000000000000000000000000000

 String '3402823466e+28F'
 New fast 34028232128551685524711615355045281792.0000000000000000000000000000000000000000
 Old fast 3402823424.0000000000000000000000000000000000000000
     atof 34028234663852885981170418348451692544.0000000000000000000000000000000000000000

 String '-34028234663852885981170418348451692544.000000'
 New fast -34028234663852885981170418348451692544.0000000000000000000000000000000000000000
 Old fast -0.0000000000000000000000000000000000000000
     atof -34028234663852885981170418348451692544.0000000000000000000000000000000000000000

 String '-3.402823466e+37F'
 New fast -34028234663852885981170418348451692544.0000000000000000000000000000000000000000
 Old fast -3.4028234481811523437500000000000000000000
     atof -34028234663852885981170418348451692544.0000000000000000000000000000000000000000

 String '-3402823466e+28F'
 New fast -34028232128551685524711615355045281792.0000000000000000000000000000000000000000
 Old fast -3402823424.0000000000000000000000000000000000000000
     atof -34028234663852885981170418348451692544.0000000000000000000000000000000000000000

 String '.00234567'
 New fast 0.0023456700146198272705078125000000000000
 Old fast 0.0023456700146198272705078125000000000000
     atof 0.0023456700146198272705078125000000000000

 String '-.00234567'
 New fast -0.0023456700146198272705078125000000000000
 Old fast -0.0023456700146198272705078125000000000000
     atof -0.0023456700146198272705078125000000000000

 String '0.00234567'
 New fast 0.0023456700146198272705078125000000000000
 Old fast 0.0023456700146198272705078125000000000000
     atof 0.0023456700146198272705078125000000000000

 String '-0.00234567'
 New fast -0.0023456700146198272705078125000000000000
 Old fast -0.0023456700146198272705078125000000000000
     atof -0.0023456700146198272705078125000000000000

 String '1.175494351e-38F'
 New fast 0.0000000000000000000000000000000000000118
 Old fast 0.0000000000000000000000000000000000000118
     atof 0.0000000000000000000000000000000000000118

 String '1175494351e-47F'
 New fast 0.0000000000000000000000000000000000000000
 Old fast 1175494400.0000000000000000000000000000000000000000
     atof 0.0000000000000000000000000000000000000118

 String '1.175494351e-37F'
 New fast 0.0000000000000000000000000000000000001175
 Old fast 0.0000000000000000000000000000000000001175
     atof 0.0000000000000000000000000000000000001175

 String '1.175494351e-36F'
 New fast 0.0000000000000000000000000000000000011755
 Old fast 0.0000000000000000000000000000000000011755
     atof 0.0000000000000000000000000000000000011755

 String '-1.175494351e-36F'
 New fast -0.0000000000000000000000000000000000011755
 Old fast -0.0000000000000000000000000000000000011755
     atof -0.0000000000000000000000000000000000011755

 String '123456.789'
 New fast 123456.7890625000000000000000000000000000000000
 Old fast 123456.7890625000000000000000000000000000000000
     atof 123456.7890625000000000000000000000000000000000

 String '-123456.789'
 New fast -123456.7890625000000000000000000000000000000000
 Old fast -123456.7890625000000000000000000000000000000000
     atof -123456.7890625000000000000000000000000000000000

 String '0000123456.789'
 New fast 123456.7890625000000000000000000000000000000000
 Old fast 123456.7890625000000000000000000000000000000000
     atof 123456.7890625000000000000000000000000000000000

 String '-0000123456.789'
 New fast -123456.7890625000000000000000000000000000000000
 Old fast -123456.7890625000000000000000000000000000000000
     atof -123456.7890625000000000000000000000000000000000

 String '-0.0690462109446526'
 New fast -0.0690462142229080200195312500000000000000
 Old fast -0.0000003166941553445212775841355323791504
     atof -0.0690462142229080200195312500000000000000

 String '0.11999999731779099'
 New fast 0.1199999973177909851074218750000000000000
 Old fast 10518893953024.0000000000000000000000000000000000000000
     atof 0.1199999973177909851074218750000000000000

 String '0.119999997317790999'
 New fast 0.1200000122189521789550781250000000000000
 Old fast 21676077088768.0000000000000000000000000000000000000000
     atof 0.1199999973177909851074218750000000000000

 String '340282346638528859811704183484516925440'
 New fast 2147483647
 Old fast 0
   strtol 2147483647

 String '3402823466'
 New fast 2147483647
 Old fast -892143830
   strtol 2147483647

 String '3402823466e+29F'
 New fast 2147483647
 Old fast -892143830
   strtol 2147483647

 String '-340282346638528859811704183484516925440'
 New fast -2147483648
 Old fast 0
   strtol -2147483648

 String '-3402823466'
 New fast -2147483648
 Old fast 0
   strtol -2147483648

 String '-3402823466e+29F'
 New fast -2147483648
 Old fast 0
   strtol -2147483648

 String '402823466385288598117'
 New fast 2147483647
 Old fast 1587679845
   strtol 2147483647

 String '402823466'
 New fast 402823466
 Old fast 402823466
   strtol 402823466

 String '402823466e+28F'
 New fast 402823466
 Old fast 402823466
   strtol 402823466

 String '402823466385288598117'
 New fast 2147483647
 Old fast 1587679845
   strtol 2147483647

 String '-402823466'
 New fast -402823466
 Old fast 0
   strtol -402823466

 String '-402823466e+28F'
 New fast -402823466
 Old fast 0
   strtol -402823466

 String '.00234567'
 New fast 0
 Old fast 0
   strtol 0

 String '-234567'
 New fast -234567
 Old fast 0
   strtol -234567

 String '234567'
 New fast 234567
 Old fast 234567
   strtol 234567

 String '-234567'
 New fast -234567
 Old fast 0
   strtol -234567

 String '1175494351'
 New fast 1175494351
 Old fast 1175494351
   strtol 1175494351

 String '11754943512'
 New fast 2147483647
 Old fast -1129958376
   strtol 2147483647

 String '11754943513'
 New fast 2147483647
 Old fast -1129958375
   strtol 2147483647

 String '11754943514'
 New fast 2147483647
 Old fast -1129958374
   strtol 2147483647

 String '-1175494351'
 New fast -1175494351
 Old fast 0
   strtol -1175494351

 String '123456789'
 New fast 123456789
 Old fast 123456789
   strtol 123456789

 String '-123456789'
 New fast -123456789
 Old fast 0
   strtol -123456789

 String '123456.789'
 New fast 123456
 Old fast 123456
   strtol 123456

 String '-123456.789'
 New fast -123456
 Old fast 0
   strtol -123456

 String '-109446526'
 New fast -109446526
 Old fast 0
   strtol -109446526

Starting test 23, 'loadTextures'

Starting test 24, 'collisionResponseAnimator'
Collision callback at -5.005000 0.000000 0.000000
Collision callback at 5.005000 0.000000 0.000000
Collision callback at -5.005000 0.000000 0.000000

Starting test 25, 'enumerateImageManipulators'

Starting test 26, 'removeCustomAnimator'

Starting test 27, 'sceneCollisionManager'
bbox intersection checks 3937 hits (of 14000).
bbox intersection resulted in 0 misses at a speed of 15 (old) compared to 13 (new).
bbox intersection checks 0 hits (of 14000).
bbox intersection resulted in 0 misses at a speed of 15 (old) compared to 14 (new).

Starting test 28, 'sceneNodeAnimator'

Starting test 29, 'meshLoaders'

Starting test 30, 'testTimer'
Testing virtual timer.
Testing virtual timer done. Success
Testing real timer.
Warning: Real timer did not progress. Maybe the time slices are too coarse to see.
Real time and date. 3.12.2022 at 14:0:10
This is day 337 of the year and weekday 6. The current time zone has daylight saving disabled

Starting test 31, 'testCoreutil'

Starting test 32, 'softwareDevice'
Image match: 100.000000%

Starting test 33, 'b3dAnimation'
Image match: 100.000000%
Image match: 100.000000%

Starting test 34, 'burningsVideo'
Image match: 100.000000%

Starting test 35, 'billboards'
Image match: 100.000000%
Image match: 99.998550%

Starting test 36, 'createImage'
Image match: 100.000000%
Image match: 100.000000%

Starting test 37, 'cursorSetVisible'

Starting test 38, 'flyCircleAnimator'
Image match: 100.000000%

Starting test 39, 'guiDisabledMenu'
Image match: 100.000000%

Starting test 40, 'makeColorKeyTexture'
Image match: 100.000000%
Image match: 100.000000%
Image match: 100.000000%
Image match: 100.000000%

Starting test 41, 'md2Animation'
Image match: 100.000000%
Image match: 99.999977%

Starting test 42, 'meshTransform'
Image match: 99.995956%

Starting test 43, 'skinnedMesh'
Testing setMesh()
Ignore error message in log, this is intended.

Starting test 44, 'testGeometryCreator'
Image match: 100.000000%
Image match: 99.999977%

Starting test 45, 'writeImageToFile'
Can't open results/Burning's Video-writeImageToFile.png for writing.
ASSERT in writeImageToFile.cpp:96: false

******** Test failure ********
Test 45 'writeImageToFile' failed
******** Test failure ********

Starting test 46, 'ioScene'
Test scene.irrxmlCompareFiles: Could not create a XML reader for 'results/scene.irr'
Test scene2.irrxmlCompareFiles: Could not create a XML reader for 'results/scene2.irr'
Image match: 100.000000%

******** Test failure ********
Test 46 'ioScene' failed
******** Test failure ********

Starting test 47, 'videoDriver'
Running test testVideoDriver
Testing driver Nirtcpp Software Driver 1.0
MaxTextures: 1
MaxSupportedTextures: 8
MaxLights: 0
MaxAnisotropy: 1
MaxUserClipPlanes: 0
MaxAuxBuffers: 0
MaxMultipleRenderTargets: 1
MaxIndices: 65536
MaxTextureSize: 1024
MaxGeometryVerticesOut: 0
Version: 1
ShaderLanguageVersion: 0

Testing driver Burning's Video 0.54 beautiful
MaxTextures: 4
MaxSupportedTextures: 8
MaxLights: 1024
MaxAnisotropy: 1
MaxUserClipPlanes: 0
MaxAuxBuffers: 0
MaxMultipleRenderTargets: 1
MaxIndices: 65536
MaxTextureSize: 1048576
MaxGeometryVerticesOut: 0
Version: 50
ShaderLanguageVersion: 0

Testing driver OpenGL 4.6
MaxTextures: 8
MaxSupportedTextures: 8
MaxLights: 8
MaxAnisotropy: 16
MaxUserClipPlanes: 8
MaxAuxBuffers: 0
MaxMultipleRenderTargets: 8
MaxIndices: 3000
MaxTextureSize: 16384
MaxGeometryVerticesOut: 0
Version: 406
ShaderLanguageVersion: 406


Starting test 48, 'screenshot'
Running test testShots
Testing driver OpenGL 4.6
Running test testShotsOfShots
Testing driver Nirtcpp Software Driver 1.0
Image match: 100.000000%
Testing driver Burning's Video 0.54 beautiful
Image match: 100.000000%
Testing driver OpenGL 4.6
Image match: 100.000000%
Running test testShotsOfShots
Testing driver Nirtcpp Software Driver 1.0
Image match: 100.000000%
Testing driver Burning's Video 0.54 beautiful
Image match: 100.000000%
Testing driver OpenGL 4.6
Image match: 100.000000%

******** Test failure ********
Test 48 'screenshot' failed
******** Test failure ********

Starting test 49, 'drawPixel'
Running test lineRender
Testing driver Nirtcpp Software Driver 1.0
Image match: 100.000000%
Testing driver Burning's Video 0.54 beautiful
Image match: 100.000000%
Testing driver OpenGL 4.6
Image match: 100.000000%
Running test pixelAccuracy
Testing driver Nirtcpp Software Driver 1.0
Image match: 100.000000%
Testing driver Burning's Video 0.54 beautiful
Image match: 100.000000%
Testing driver OpenGL 4.6
Image match: 100.000000%
Running test drawLine
Testing driver Nirtcpp Software Driver 1.0
Image match: 100.000000%
Testing driver Burning's Video 0.54 beautiful
Image match: 100.000000%
Testing driver OpenGL 4.6
Image match: 100.000000%

Starting test 50, 'drawRectOutline'
Running test testWithDriver
Testing driver Nirtcpp Software Driver 1.0
Image match: 100.000000%
Testing driver Burning's Video 0.54 beautiful
Image match: 100.000000%
Testing driver OpenGL 4.6
Image match: 100.000000%

Starting test 51, 'drawVertexPrimitive'
Running test testWithDriver
Testing driver Nirtcpp Software Driver 1.0
Image match: 100.000000%
Image match: 100.000000%
Image match: 100.000000%
Image match: 100.000000%
Image match: 100.000000%
Image match: 100.000000%
Image match: 100.000000%
Image match: 100.000000%
Image match: 100.000000%
Image match: 100.000000%
Image match: 100.000000%
Testing driver Burning's Video 0.54 beautiful
Image match: 100.000000%
Image match: 100.000000%
Image match: 100.000000%
Image match: 100.000000%
Image match: 100.000000%
Image match: 100.000000%
Image match: 100.000000%
Image match: 100.000000%
Image match: 100.000000%
Image match: 100.000000%
Image match: 100.000000%
Testing driver OpenGL 4.6
Image match: 100.000000%
Image match: 100.000000%
Image match: 100.000000%
Image match: 100.000000%
Image match: 100.000000%
Image match: 100.000000%
Image match: 100.000000%
Image match: 100.000000%
Image match: 100.000000%
Image match: 100.000000%
Image match: 100.000000%

Starting test 52, 'material'
Running test polygonOffset
Image match: 100.000000%
Image match: 100.000000%

Starting test 53, 'renderTargetTexture'
Running test testWith2DImage
Testing driver Nirtcpp Software Driver 1.0
